[finetune] completed unit=42|xc|0; queued=2 active=0
[finetune] completed unit=42|ei|0; queued=1 active=0
[finetune] completed unit=42|egb|0; queued=0 active=0
{"completed": ["42|xc|0", "42|ei|0", "42|egb|0"], "gpu_ids": ["0"], "pending": 0, "schema": "mts-finetune-scheduler-v1", "skipped": [], "slots": 1, "started": ["42|xc|0", "42|ei|0", "42|egb|0"], "units": 3}
[finetune] completed unit=42|xc|0; queued=2 active=0
[finetune] completed unit=42|ei|0; queued=1 active=0
[finetune] completed unit=42|egb|0; queued=0 active=0
{"completed": ["42|xc|0", "42|ei|0", "42|egb|0"], "gpu_ids": ["0"], "pending": 0, "schema": "mts-finetune-scheduler-v1", "skipped": [], "slots": 1, "started": ["42|xc|0", "42|ei|0", "42|egb|0"], "units": 3}
{"macro_delta": 0.010032556596886233, "macro_fused": 0.7940551413827039, "macro_o8": 0.7840225847858177, "median_task_delta": 0.007214560244913626, "positive_tasks": 3}
[finetune] completed unit=42|xc|0; queued=2 active=0
[finetune] completed unit=42|ei|0; queued=1 active=0
[finetune] completed unit=42|egb|0; queued=0 active=0
{"completed": ["42|xc|0", "42|ei|0", "42|egb|0"], "gpu_ids": ["0"], "pending": 0, "schema": "mts-finetune-scheduler-v1", "skipped": [], "slots": 1, "started": ["42|xc|0", "42|ei|0", "42|egb|0"], "units": 3}
[finetune] completed unit=42|xc|0; queued=2 active=0
[finetune] completed unit=42|ei|0; queued=1 active=0
[finetune] completed unit=42|egb|0; queued=0 active=0
{"completed": ["42|xc|0", "42|ei|0", "42|egb|0"], "gpu_ids": ["0"], "pending": 0, "schema": "mts-finetune-scheduler-v1", "skipped": [], "slots": 1, "started": ["42|xc|0", "42|ei|0", "42|egb|0"], "units": 3}
{"macro_delta": -0.003228578951665506, "macro_fused": 0.7782820971911796, "macro_o8": 0.7815106761428451, "median_task_delta": -0.0035455476091836857, "positive_tasks": 1}
[finetune] completed unit=42|xc|0; queued=2 active=0
[finetune] completed unit=42|ei|0; queued=1 active=0
[finetune] completed unit=42|egb|0; queued=0 active=0
{"completed": ["42|xc|0", "42|ei|0", "42|egb|0"], "gpu_ids": ["0"], "pending": 0, "schema": "mts-finetune-scheduler-v1", "skipped": [], "slots": 1, "started": ["42|xc|0", "42|ei|0", "42|egb|0"], "units": 3}
[finetune] completed unit=42|xc|0; queued=2 active=0
[finetune] completed unit=42|ei|0; queued=1 active=0
[finetune] completed unit=42|egb|0; queued=0 active=0
{"completed": ["42|xc|0", "42|ei|0", "42|egb|0"], "gpu_ids": ["0"], "pending": 0, "schema": "mts-finetune-scheduler-v1", "skipped": [], "slots": 1, "started": ["42|xc|0", "42|ei|0", "42|egb|0"], "units": 3}
{"macro_delta": -0.005963607744624862, "macro_fused": 0.7834315073011474, "macro_o8": 0.7893951150457723, "median_task_delta": 0.0020410869592896175, "positive_tasks": 2}
{"checkpoint": "/root/workspace/Uni-Poly-Plus-master/results/mts_glt_v2/formal/a6_h_w1_20k/mts_glt_v2_probe_005k.pth", "macro_delta": 0.010032556596886233, "macro_fused": 0.7940551413827039, "macro_o8": 0.7840225847858177, "median_task_delta": 0.007214560244913626, "positive_tasks": 3, "report": "/root/workspace/Uni-Poly-Plus-master/results/mts_glt_v2/downstream/formal/a6_h_w1_20k_probe_005k/probe_summary.json", "run_name": "formal/a6_h_w1_20k_probe_005k", "step": 5000}
[finetune] completed unit=42|eat|3; queued=33 active=3
[finetune] completed unit=42|eat|0; queued=32 active=3
[finetune] completed unit=42|eat|1; queued=31 active=3
[finetune] completed unit=42|eat|2; queued=30 active=3
[finetune] completed unit=42|eea|0; queued=29 active=3
[finetune] completed unit=42|eea|1; queued=28 active=3
[finetune] completed unit=42|eat|4; queued=27 active=3
[finetune] completed unit=42|eea|4; queued=26 active=3
[finetune] completed unit=42|eea|3; queued=25 active=3
[finetune] completed unit=42|eea|2; queued=24 active=3
[finetune] completed unit=42|egb|2; queued=23 active=3
[finetune] completed unit=42|egb|1; queued=22 active=3
[finetune] completed unit=42|egb|4; queued=21 active=3
[finetune] completed unit=42|egb|3; queued=20 active=3
[finetune] completed unit=42|egc|1; queued=19 active=3
[finetune] completed unit=42|egc|0; queued=18 active=3
[finetune] completed unit=42|egc|2; queued=17 active=3
[finetune] completed unit=42|ei|2; queued=16 active=3
[finetune] completed unit=42|egc|3; queued=15 active=3
[finetune] completed unit=42|ei|1; queued=14 active=3
[finetune] completed unit=42|ei|4; queued=13 active=3
[finetune] completed unit=42|ei|3; queued=12 active=3
[finetune] completed unit=42|eps|0; queued=11 active=3
[finetune] completed unit=42|eps|1; queued=10 active=3
[finetune] completed unit=42|eps|3; queued=9 active=3
[finetune] completed unit=42|eps|2; queued=8 active=3
[finetune] completed unit=42|nc|1; queued=7 active=3
[finetune] completed unit=42|eps|4; queued=6 active=3
[finetune] completed unit=42|nc|0; queued=5 active=3
[finetune] completed unit=42|egc|4; queued=4 active=3
[finetune] completed unit=42|nc|3; queued=3 active=3
[finetune] completed unit=42|nc|4; queued=2 active=3
[finetune] completed unit=42|nc|2; queued=1 active=3
[finetune] completed unit=42|xc|1; queued=0 active=3
[finetune] completed unit=42|xc|2; queued=0 active=2
[finetune] completed unit=42|xc|3; queued=0 active=1
[finetune] completed unit=42|xc|4; queued=0 active=0
{"completed": ["42|eat|3", "42|eat|0", "42|eat|1", "42|eat|2", "42|eea|0", "42|eea|1", "42|eat|4", "42|eea|4", "42|eea|3", "42|eea|2", "42|egb|2", "42|egb|1", "42|egb|4", "42|egb|3", "42|egc|1", "42|egc|0", "42|egc|2", "42|ei|2", "42|egc|3", "42|ei|1", "42|ei|4", "42|ei|3", "42|eps|0", "42|eps|1", "42|eps|3", "42|eps|2", "42|nc|1", "42|eps|4", "42|nc|0", "42|egc|4", "42|nc|3", "42|nc|4", "42|nc|2", "42|xc|1", "42|xc|2", "42|xc|3", "42|xc|4"], "gpu_ids": ["0", "1", "2", "3"], "pending": 0, "schema": "mts-finetune-scheduler-v1", "skipped": ["42|egb|0", "42|ei|0", "42|xc|0"], "slots": 4, "started": ["42|eat|0", "42|eat|1", "42|eat|2", "42|eat|3", "42|eat|4", "42|eea|0", "42|eea|1", "42|eea|2", "42|eea|3", "42|eea|4", "42|egb|1", "42|egb|2", "42|egb|3", "42|egb|4", "42|egc|0", "42|egc|1", "42|egc|2", "42|egc|3", "42|egc|4", "42|ei|1", "42|ei|2", "42|ei|3", "42|ei|4", "42|eps|0", "42|eps|1", "42|eps|2", "42|eps|3", "42|eps|4", "42|nc|0", "42|nc|1", "42|nc|2", "42|nc|3", "42|nc|4", "42|xc|1", "42|xc|2", "42|xc|3", "42|xc|4"], "units": 40}
[finetune] completed unit=42|eat|3; queued=33 active=3
[finetune] completed unit=42|eat|1; queued=32 active=3
[finetune] completed unit=42|eat|0; queued=31 active=3
[finetune] completed unit=42|eat|2; queued=30 active=3
[finetune] completed unit=42|eat|4; queued=29 active=3
[finetune] completed unit=42|eea|0; queued=28 active=3
[finetune] completed unit=42|eea|1; queued=27 active=3
[finetune] completed unit=42|eea|4; queued=26 active=3
[finetune] completed unit=42|eea|2; queued=25 active=3
[finetune] completed unit=42|eea|3; queued=24 active=3
[finetune] completed unit=42|egb|1; queued=23 active=3
[finetune] completed unit=42|egb|2; queued=22 active=3
[finetune] completed unit=42|egb|3; queued=21 active=3
[finetune] completed unit=42|egb|4; queued=20 active=3
[finetune] completed unit=42|egc|2; queued=19 active=3
[finetune] completed unit=42|egc|1; queued=18 active=3
[finetune] completed unit=42|egc|3; queued=17 active=3
[finetune] completed unit=42|egc|0; queued=16 active=3
[finetune] completed unit=42|ei|1; queued=15 active=3
[finetune] completed unit=42|ei|2; queued=14 active=3
[finetune] completed unit=42|ei|3; queued=13 active=3
[finetune] completed unit=42|ei|4; queued=12 active=3
[finetune] completed unit=42|eps|0; queued=11 active=3
[finetune] completed unit=42|eps|1; queued=10 active=3
[finetune] completed unit=42|eps|3; queued=9 active=3
[finetune] completed unit=42|egc|4; queued=8 active=3
[finetune] completed unit=42|eps|2; queued=7 active=3
[finetune] completed unit=42|eps|4; queued=6 active=3
[finetune] completed unit=42|nc|1; queued=5 active=3
[finetune] completed unit=42|nc|0; queued=4 active=3
[finetune] completed unit=42|nc|3; queued=3 active=3
[finetune] completed unit=42|xc|1; queued=2 active=3
[finetune] completed unit=42|nc|4; queued=1 active=3
[finetune] completed unit=42|nc|2; queued=0 active=3
[finetune] completed unit=42|xc|3; queued=0 active=2
[finetune] completed unit=42|xc|2; queued=0 active=1
[finetune] completed unit=42|xc|4; queued=0 active=0
{"completed": ["42|eat|3", "42|eat|1", "42|eat|0", "42|eat|2", "42|eat|4", "42|eea|0", "42|eea|1", "42|eea|4", "42|eea|2", "42|eea|3", "42|egb|1", "42|egb|2", "42|egb|3", "42|egb|4", "42|egc|2", "42|egc|1", "42|egc|3", "42|egc|0", "42|ei|1", "42|ei|2", "42|ei|3", "42|ei|4", "42|eps|0", "42|eps|1", "42|eps|3", "42|egc|4", "42|eps|2", "42|eps|4", "42|nc|1", "42|nc|0", "42|nc|3", "42|xc|1", "42|nc|4", "42|nc|2", "42|xc|3", "42|xc|2", "42|xc|4"], "gpu_ids": ["0", "1", "2", "3"], "pending": 0, "schema": "mts-finetune-scheduler-v1", "skipped": ["42|egb|0", "42|ei|0", "42|xc|0"], "slots": 4, "started": ["42|eat|0", "42|eat|1", "42|eat|2", "42|eat|3", "42|eat|4", "42|eea|0", "42|eea|1", "42|eea|2", "42|eea|3", "42|eea|4", "42|egb|1", "42|egb|2", "42|egb|3", "42|egb|4", "42|egc|0", "42|egc|1", "42|egc|2", "42|egc|3", "42|egc|4", "42|ei|1", "42|ei|2", "42|ei|3", "42|ei|4", "42|eps|0", "42|eps|1", "42|eps|2", "42|eps|3", "42|eps|4", "42|nc|0", "42|nc|1", "42|nc|2", "42|nc|3", "42|nc|4", "42|xc|1", "42|xc|2", "42|xc|3", "42|xc|4"], "units": 40}
{"macro_delta": 0.010032556596886233, "macro_fused": 0.7940551413827039, "macro_o8": 0.7840225847858177, "median_task_delta": 0.007214560244913626, "positive_tasks": 3}
Traceback (most recent call last):
  File "/root/workspace/Uni-Poly-Plus-master/scripts/report_mts_glt_v2_final.py", line 222, in <module>
    main()
  File "/root/workspace/Uni-Poly-Plus-master/scripts/report_mts_glt_v2_final.py", line 204, in main
    payload = build()
              ^^^^^^^
  File "/root/workspace/Uni-Poly-Plus-master/scripts/report_mts_glt_v2_final.py", line 96, in build
    row = paired["tasks"][task]
          ~~~~~~~~~~~~~~~^^^^^^
KeyError: 'eat'
