W0907 10:10:21.432000 3193734 site-packages/torch/distributed/run.py:774] 
W0907 10:10:21.432000 3193734 site-packages/torch/distributed/run.py:774] *****************************************
W0907 10:10:21.432000 3193734 site-packages/torch/distributed/run.py:774] Setting OMP_NUM_THREADS environment variable for each process to be 1 in default, to avoid your system being overloaded, please further tune the variable for optimal performance in your application as needed. 
W0907 10:10:21.432000 3193734 site-packages/torch/distributed/run.py:774] *****************************************
[rank1]: Traceback (most recent call last):
[rank1]:   File "/root/workspace/Uni-Poly-Plus-master/scripts/check_mts_glt_v3_ddp_parity.py", line 63, in <module>
[rank1]:     main()
[rank1]:   File "/root/workspace/Uni-Poly-Plus-master/scripts/check_mts_glt_v3_ddp_parity.py", line 54, in main
[rank1]:     torch.testing.assert_close(averaged, torch.tensor(expected_mean, device=device), atol=1e-6, rtol=0)
[rank1]:   File "/opt/conda/lib/python3.11/site-packages/torch/testing/_comparison.py", line 1587, in assert_close
[rank1]:     raise error_metas[0].to_error(msg)
[rank1]: AssertionError: The values for attribute 'dtype' do not match: torch.float64 != torch.float32.
[rank0]: Traceback (most recent call last):
[rank0]:   File "/root/workspace/Uni-Poly-Plus-master/scripts/check_mts_glt_v3_ddp_parity.py", line 63, in <module>
[rank0]:     main()
[rank0]:   File "/root/workspace/Uni-Poly-Plus-master/scripts/check_mts_glt_v3_ddp_parity.py", line 54, in main
[rank0]:     torch.testing.assert_close(averaged, torch.tensor(expected_mean, device=device), atol=1e-6, rtol=0)
[rank0]:   File "/opt/conda/lib/python3.11/site-packages/torch/testing/_comparison.py", line 1587, in assert_close
[rank0]:     raise error_metas[0].to_error(msg)
[rank0]: AssertionError: The values for attribute 'dtype' do not match: torch.float64 != torch.float32.
[rank2]: Traceback (most recent call last):
[rank2]:   File "/root/workspace/Uni-Poly-Plus-master/scripts/check_mts_glt_v3_ddp_parity.py", line 63, in <module>
[rank2]:     main()
[rank2]:   File "/root/workspace/Uni-Poly-Plus-master/scripts/check_mts_glt_v3_ddp_parity.py", line 54, in main
[rank2]:     torch.testing.assert_close(averaged, torch.tensor(expected_mean, device=device), atol=1e-6, rtol=0)
[rank2]:   File "/opt/conda/lib/python3.11/site-packages/torch/testing/_comparison.py", line 1587, in assert_close
[rank2]:     raise error_metas[0].to_error(msg)
[rank2]: AssertionError: The values for attribute 'dtype' do not match: torch.float64 != torch.float32.
W0907 10:10:27.644000 3193734 site-packages/torch/distributed/elastic/multiprocessing/api.py:900] Sending process 3193853 closing signal SIGTERM
E0907 10:10:27.758000 3193734 site-packages/torch/distributed/elastic/multiprocessing/api.py:874] failed (exitcode: 1) local_rank: 1 (pid: 3193854) of binary: /opt/conda/bin/python3.11
Traceback (most recent call last):
  File "/opt/conda/bin/torchrun", line 8, in <module>
    sys.exit(main())
             ^^^^^^
  File "/opt/conda/lib/python3.11/site-packages/torch/distributed/elastic/multiprocessing/errors/__init__.py", line 357, in wrapper
    return f(*args, **kwargs)
           ^^^^^^^^^^^^^^^^^^
  File "/opt/conda/lib/python3.11/site-packages/torch/distributed/run.py", line 901, in main
    run(args)
  File "/opt/conda/lib/python3.11/site-packages/torch/distributed/run.py", line 892, in run
    elastic_launch(
  File "/opt/conda/lib/python3.11/site-packages/torch/distributed/launcher/api.py", line 143, in __call__
    return launch_agent(self._config, self._entrypoint, list(args))
           ^^^^^^^^^^^^^^^^^^^^^^^^^^^^^^^^^^^^^^^^^^^^^^^^^^^^^^^^
  File "/opt/conda/lib/python3.11/site-packages/torch/distributed/launcher/api.py", line 277, in launch_agent
    raise ChildFailedError(
torch.distributed.elastic.multiprocessing.errors.ChildFailedError: 
============================================================
scripts/check_mts_glt_v3_ddp_parity.py FAILED
------------------------------------------------------------
Failures:
[1]:
  time      : 2026-09-07_10:10:27
  host      : dzw2
  rank      : 2 (local_rank: 2)
  exitcode  : 1 (pid: 3193855)
  error_file: <N/A>
  traceback : To enable traceback see: https://pytorch.org/docs/stable/elastic/errors.html
------------------------------------------------------------
Root Cause (first observed failure):
[0]:
  time      : 2026-09-07_10:10:27
  host      : dzw2
  rank      : 1 (local_rank: 1)
  exitcode  : 1 (pid: 3193854)
  error_file: <N/A>
  traceback : To enable traceback see: https://pytorch.org/docs/stable/elastic/errors.html
============================================================

EXIT_CODE=1
