W0909 00:26:16.932000 3288681 site-packages/torch/distributed/run.py:774] 
W0909 00:26:16.932000 3288681 site-packages/torch/distributed/run.py:774] *****************************************
W0909 00:26:16.932000 3288681 site-packages/torch/distributed/run.py:774] Setting OMP_NUM_THREADS environment variable for each process to be 1 in default, to avoid your system being overloaded, please further tune the variable for optimal performance in your application as needed. 
W0909 00:26:16.932000 3288681 site-packages/torch/distributed/run.py:774] *****************************************
[lmdb_cache] ru_base_missing=0, topology_missing=0, trimer_missing=0, jobs=0, workers=0
[lmdb_cache] ru_base_missing=0, topology_missing=0, trimer_missing=0, jobs=0, workers=0
[lmdb_cache] ru_base_missing=0, topology_missing=0, trimer_missing=0, jobs=0, workers=0
reusing feature-cache diagnostics data/processed/mips_trimer_scage/diagnostics_PI1M_v2_mips_trimer_scage-starlink-backbone-mts-canonical-periodic-feature-v3-paper_corrected-hop2-manual_geom-repeat-unit-energytop4_cand8_full_hardtimeout45_fp-disabled_tok0.json
reusing feature-cache diagnostics data/processed/mips_trimer_scage/diagnostics_PI1M_v2_mips_trimer_scage-starlink-backbone-mts-canonical-periodic-feature-v3-paper_corrected-hop2-manual_geom-repeat-unit-energytop4_cand8_full_hardtimeout45_fp-disabled_tok0.json
reusing feature-cache diagnostics data/processed/mips_trimer_scage/diagnostics_PI1M_v2_mips_trimer_scage-starlink-backbone-mts-canonical-periodic-feature-v3-paper_corrected-hop2-manual_geom-repeat-unit-energytop4_cand8_full_hardtimeout45_fp-disabled_tok0.json
Created dataloader with 995799 samples
Created dataloader with 995799 samples
Created dataloader with 995799 samples
n_plus_2 teacher step=1/5000 loss=3.24131 lr=8.000e-07
W0909 00:26:54.359000 3288945 site-packages/torch/distributed/run.py:774] 
W0909 00:26:54.359000 3288945 site-packages/torch/distributed/run.py:774] *****************************************
W0909 00:26:54.359000 3288945 site-packages/torch/distributed/run.py:774] Setting OMP_NUM_THREADS environment variable for each process to be 1 in default, to avoid your system being overloaded, please further tune the variable for optimal performance in your application as needed. 
W0909 00:26:54.359000 3288945 site-packages/torch/distributed/run.py:774] *****************************************
[lmdb_cache] ru_base_missing=0, topology_missing=0, trimer_missing=0, jobs=0, workers=0
[lmdb_cache] ru_base_missing=0, topology_missing=0, trimer_missing=0, jobs=0, workers=0
[lmdb_cache] ru_base_missing=0, topology_missing=0, trimer_missing=0, jobs=0, workers=0
reusing feature-cache diagnostics data/processed/mips_trimer_scage/diagnostics_PI1M_v2_mips_trimer_scage-starlink-backbone-mts-canonical-periodic-feature-v3-paper_corrected-hop2-manual_geom-repeat-unit-energytop4_cand8_full_hardtimeout45_fp-disabled_tok0.json
reusing feature-cache diagnostics data/processed/mips_trimer_scage/diagnostics_PI1M_v2_mips_trimer_scage-starlink-backbone-mts-canonical-periodic-feature-v3-paper_corrected-hop2-manual_geom-repeat-unit-energytop4_cand8_full_hardtimeout45_fp-disabled_tok0.json
reusing feature-cache diagnostics data/processed/mips_trimer_scage/diagnostics_PI1M_v2_mips_trimer_scage-starlink-backbone-mts-canonical-periodic-feature-v3-paper_corrected-hop2-manual_geom-repeat-unit-energytop4_cand8_full_hardtimeout45_fp-disabled_tok0.json
Created dataloader with 995799 samples
Created dataloader with 995799 samples
Created dataloader with 995799 samples
n_plus_2 teacher step=1/5000 loss=3.24131 lr=8.000e-07
W0909 00:27:30.914000 3289208 site-packages/torch/distributed/run.py:774] 
W0909 00:27:30.914000 3289208 site-packages/torch/distributed/run.py:774] *****************************************
W0909 00:27:30.914000 3289208 site-packages/torch/distributed/run.py:774] Setting OMP_NUM_THREADS environment variable for each process to be 1 in default, to avoid your system being overloaded, please further tune the variable for optimal performance in your application as needed. 
W0909 00:27:30.914000 3289208 site-packages/torch/distributed/run.py:774] *****************************************
[lmdb_cache] ru_base_missing=0, topology_missing=0, trimer_missing=0, jobs=0, workers=0
[lmdb_cache] ru_base_missing=0, topology_missing=0, trimer_missing=0, jobs=0, workers=0
[lmdb_cache] ru_base_missing=0, topology_missing=0, trimer_missing=0, jobs=0, workers=0
reusing feature-cache diagnostics data/processed/mips_trimer_scage/diagnostics_PI1M_v2_mips_trimer_scage-starlink-backbone-mts-canonical-periodic-feature-v3-paper_corrected-hop2-manual_geom-repeat-unit-energytop4_cand8_full_hardtimeout45_fp-disabled_tok0.json
reusing feature-cache diagnostics data/processed/mips_trimer_scage/diagnostics_PI1M_v2_mips_trimer_scage-starlink-backbone-mts-canonical-periodic-feature-v3-paper_corrected-hop2-manual_geom-repeat-unit-energytop4_cand8_full_hardtimeout45_fp-disabled_tok0.json
reusing feature-cache diagnostics data/processed/mips_trimer_scage/diagnostics_PI1M_v2_mips_trimer_scage-starlink-backbone-mts-canonical-periodic-feature-v3-paper_corrected-hop2-manual_geom-repeat-unit-energytop4_cand8_full_hardtimeout45_fp-disabled_tok0.json
Created dataloader with 995799 samples
Created dataloader with 995799 samples
Created dataloader with 995799 samples
